<html>
<body>
<pre>
<h1>�Vision Build Log</h1>
<h2>Tool Versions:</h2>
IDE-Version: ��Vision V5.39.0.0
Copyright (C) 2023 ARM Ltd and ARM Germany GmbH. All rights reserved.
License Information: X X, X, LIC=HN0AE-5VWA3-NNGAF-6G7E8-GK9DM-VXB93
 
Tool Versions:
Toolchain:       MDK-ARM Plus  Version: 5.39.0.0
Toolchain Path:  E:\MDK_KEIL\CORE\ARM\ARMCLANG\Bin
C Compiler:      ArmClang.exe V6.21
Assembler:       Armasm.exe V6.21
Linker/Locator:  ArmLink.exe V6.21
Library Manager: ArmAr.exe V6.21
Hex Converter:   FromElf.exe V6.21
CPU DLL:         
Dialog DLL:      
Target DLL:      STLink\ST-LINKIII-KEIL_SWO.dll V3.2.0.0
Dialog DLL:      TCM.DLL V1.56.4.0
 
<h2>Project:</h2>
F:\CHIPS\STM32U575RIT6\Compete\temmplate_model\UI_3\Pro\MDK-ARM\Pro.uvprojx
Project File Date:  07/07/2024

<h2>Output:</h2>
*** Using Compiler 'V6.21', folder: 'E:\MDK_KEIL\CORE\ARM\ARMCLANG\Bin'
Build target 'Pro'
compiling i2c.c...
compiling STM32TouchController.cpp...
compiling memorymap.c...
compiling octospi.c...
compiling gpdma.c...
compiling gpio.c...
compiling crc.c...
compiling usart.c...
compiling spi.c...
compiling dma2d.c...
compiling stm32u5xx_hal_msp.c...
compiling tim.c...
compiling stm32u5xx_it.c...
compiling stm32u5xx_hal_timebase_tim.c...
../Core/Src/main.c(202): warning: passing 'char[9]' to parameter of type 'const uint8_t *' (aka 'const unsigned char *') converts between pointers to integer types where one is of the unique plain 'char' type and the other is not [-Wpointer-sign]
  202 |   HAL_UART_Transmit(&huart1,"Init OK\n",9,10);
      |                             ^~~~~~~~~~~
../Drivers/STM32U5xx_HAL_Driver/Inc\stm32u5xx_hal_uart.h(1635): note: passing argument to parameter 'pData' here
 1635 | HAL_StatusTypeDef HAL_UART_Transmit(UART_HandleTypeDef *huart, const uint8_t *pData, uint16_t Size, uint32_t Timeout);
      |                                                                               ^
1 warning generated.
compiling main.c...
compiling TouchGFXHAL.cpp...
compiling stm32u5xx_hal_cortex.c...
compiling app_touchgfx.c...
compiling TouchGFXGPIO.cpp...
compiling stm32u5xx_hal_crc.c...
compiling STM32DMA.cpp...
compiling OSWrappers.cpp...
compiling stm32u5xx_hal_i2c_ex.c...
compiling stm32u5xx_hal.c...
compiling stm32u5xx_hal_crc_ex.c...
../TouchGFX/target/generated/TouchGFXConfiguration.cpp(21): warning: In file included from...
../touchgfx/gui/include\gui/common/FrontendHeap.hpp(4): warning: In file included from...
../touchgfx/generated/gui_generated/include\gui_generated/common/FrontendHeapBase.hpp(17): warning: In file included from...
../touchgfx/gui/include\gui/main_screen/MainView.hpp(4): warning: In file included from...
../touchgfx/generated/gui_generated/include\gui_generated/main_screen/MainViewBase.hpp(9): warning: In file included from...
../touchgfx/gui/include\gui/main_screen/MainPresenter.hpp(4): warning: In file included from...
../touchgfx/gui/include\gui/model/ModelListener.hpp(10): warning: In file included from...
../MY_Math\myMath.h(17): warning: 'MAX' macro redefined [-Wmacro-redefined]
   17 | #define MAX(A,B) ((A)>(B)?(A):(B))             //比较最大
      |         ^
../middlewares/st/touchgfx/framework/include\touchgfx/hal/Types.hpp(43): note: previous definition is here
   43 | #define MAX(a, b) (((a) > (b)) ? (a) : (b))
      |         ^
../TouchGFX/target/generated/TouchGFXConfiguration.cpp(21): warning: In file included from...
../touchgfx/gui/include\gui/common/FrontendHeap.hpp(4): warning: In file included from...
../touchgfx/generated/gui_generated/include\gui_generated/common/FrontendHeapBase.hpp(17): warning: In file included from...
../touchgfx/gui/include\gui/main_screen/MainView.hpp(4): warning: In file included from...
../touchgfx/generated/gui_generated/include\gui_generated/main_screen/MainViewBase.hpp(9): warning: In file included from...
../touchgfx/gui/include\gui/main_screen/MainPresenter.hpp(4): warning: In file included from...
../touchgfx/gui/include\gui/model/ModelListener.hpp(10): warning: In file included from...
../MY_Math\myMath.h(18): warning: 'MIN' macro redefined [-Wmacro-redefined]
   18 | #define MIN(A,B) ((A)<(B)?(A):(B))             //比较最小
      |         ^
../middlewares/st/touchgfx/framework/include\touchgfx/hal/Types.hpp(33): note: previous definition is here
   33 | #define MIN(a, b) (((a) < (b)) ? (a) : (b))
      |         ^
2 warnings generated.
compiling TouchGFXConfiguration.cpp...
compiling stm32u5xx_hal_rcc.c...
compiling stm32u5xx_hal_rcc_ex.c...
../TouchGFX/target/generated/TouchGFXGeneratedHAL.cpp(21): warning: In file included from...
../touchgfx/gui/include\gui/common/FrontendHeap.hpp(4): warning: In file included from...
../touchgfx/generated/gui_generated/include\gui_generated/common/FrontendHeapBase.hpp(17): warning: In file included from...
../touchgfx/gui/include\gui/main_screen/MainView.hpp(4): warning: In file included from...
../touchgfx/generated/gui_generated/include\gui_generated/main_screen/MainViewBase.hpp(9): warning: In file included from...
../touchgfx/gui/include\gui/main_screen/MainPresenter.hpp(4): warning: In file included from...
../touchgfx/gui/include\gui/model/ModelListener.hpp(10): warning: In file included from...
../MY_Math\myMath.h(17): warning: 'MAX' macro redefined [-Wmacro-redefined]
   17 | #define MAX(A,B) ((A)>(B)?(A):(B))             //比较最大
      |         ^
../middlewares/st/touchgfx/framework/include\touchgfx/hal/Types.hpp(43): note: previous definition is here
   43 | #define MAX(a, b) (((a) > (b)) ? (a) : (b))
      |         ^
../TouchGFX/target/generated/TouchGFXGeneratedHAL.cpp(21): warning: In file included from...
../touchgfx/gui/include\gui/common/FrontendHeap.hpp(4): warning: In file included from...
../touchgfx/generated/gui_generated/include\gui_generated/common/FrontendHeapBase.hpp(17): warning: In file included from...
../touchgfx/gui/include\gui/main_screen/MainView.hpp(4): warning: In file included from...
../touchgfx/generated/gui_generated/include\gui_generated/main_screen/MainViewBase.hpp(9): warning: In file included from...
../touchgfx/gui/include\gui/main_screen/MainPresenter.hpp(4): warning: In file included from...
../touchgfx/gui/include\gui/model/ModelListener.hpp(10): warning: In file included from...
../MY_Math\myMath.h(18): warning: 'MIN' macro redefined [-Wmacro-redefined]
   18 | #define MIN(A,B) ((A)<(B)?(A):(B))             //比较最小
      |         ^
../middlewares/st/touchgfx/framework/include\touchgfx/hal/Types.hpp(33): note: previous definition is here
   33 | #define MIN(a, b) (((a) < (b)) ? (a) : (b))
      |         ^
2 warnings generated.
compiling TouchGFXGeneratedHAL.cpp...
compiling stm32u5xx_hal_flash.c...
compiling stm32u5xx_hal_i2c.c...
compiling stm32u5xx_hal_gpio.c...
compiling stm32u5xx_hal_flash_ex.c...
compiling stm32u5xx_hal_exti.c...
compiling stm32u5xx_hal_icache.c...
compiling stm32u5xx_hal_pwr.c...
compiling stm32u5xx_hal_dma.c...
compiling stm32u5xx_hal_gtzc.c...
compiling stm32u5xx_hal_pwr_ex.c...
compiling stm32u5xx_hal_dma2d.c...
compiling stm32u5xx_hal_dma_ex.c...
compiling stm32u5xx_ll_dlyb.c...
compiling stm32u5xx_hal_spi.c...
compiling stm32u5xx_hal_ospi.c...
compiling stm32u5xx_hal_spi_ex.c...
compiling system_stm32u5xx.c...
compiling ARONA.cpp...
compiling stm32u5xx_hal_uart_ex.c...
compiling Calender.cpp...
compiling CLOCK_INNER.cpp...
../touchgfx/gui/src/cam_screen/camview.cpp(1): warning: In file included from...
../touchgfx/gui/include\gui/cam_screen/CAMView.hpp(4): warning: In file included from...
../touchgfx/generated/gui_generated/include\gui_generated/cam_screen/CAMViewBase.hpp(9): warning: In file included from...
../touchgfx/gui/include\gui/cam_screen/CAMPresenter.hpp(4): warning: In file included from...
../touchgfx/gui/include\gui/model/ModelListener.hpp(10): warning: In file included from...
../MY_Math\myMath.h(17): warning: 'MAX' macro redefined [-Wmacro-redefined]
   17 | #define MAX(A,B) ((A)>(B)?(A):(B))             //比较最大
      |         ^
../middlewares/st/touchgfx/framework/include\touchgfx/hal/Types.hpp(43): note: previous definition is here
   43 | #define MAX(a, b) (((a) > (b)) ? (a) : (b))
      |         ^
../touchgfx/gui/src/cam_screen/camview.cpp(1): warning: In file included from...
../touchgfx/gui/include\gui/cam_screen/CAMView.hpp(4): warning: In file included from...
../touchgfx/generated/gui_generated/include\gui_generated/cam_screen/CAMViewBase.hpp(9): warning: In file included from...
../touchgfx/gui/include\gui/cam_screen/CAMPresenter.hpp(4): warning: In file included from...
../touchgfx/gui/include\gui/model/ModelListener.hpp(10): warning: In file included from...
../MY_Math\myMath.h(18): warning: 'MIN' macro redefined [-Wmacro-redefined]
   18 | #define MIN(A,B) ((A)<(B)?(A):(B))             //比较最小
      |         ^
../middlewares/st/touchgfx/framework/include\touchgfx/hal/Types.hpp(33): note: previous definition is here
   33 | #define MIN(a, b) (((a) < (b)) ? (a) : (b))
      |         ^
2 warnings generated.
compiling CAMView.cpp...
compiling stm32u5xx_hal_uart.c...
compiling stm32u5xx_hal_tim_ex.c...
../touchgfx/gui/src/cam_screen/campresenter.cpp(1): warning: In file included from...
../touchgfx/gui/include\gui/cam_screen/CAMView.hpp(4): warning: In file included from...
../touchgfx/generated/gui_generated/include\gui_generated/cam_screen/CAMViewBase.hpp(9): warning: In file included from...
../touchgfx/gui/include\gui/cam_screen/CAMPresenter.hpp(4): warning: In file included from...
../touchgfx/gui/include\gui/model/ModelListener.hpp(10): warning: In file included from...
../MY_Math\myMath.h(17): warning: 'MAX' macro redefined [-Wmacro-redefined]
   17 | #define MAX(A,B) ((A)>(B)?(A):(B))             //比较最大
      |         ^
../middlewares/st/touchgfx/framework/include\touchgfx/hal/Types.hpp(43): note: previous definition is here
   43 | #define MAX(a, b) (((a) > (b)) ? (a) : (b))
      |         ^
../touchgfx/gui/src/cam_screen/campresenter.cpp(1): warning: In file included from...
../touchgfx/gui/include\gui/cam_screen/CAMView.hpp(4): warning: In file included from...
../touchgfx/generated/gui_generated/include\gui_generated/cam_screen/CAMViewBase.hpp(9): warning: In file included from...
../touchgfx/gui/include\gui/cam_screen/CAMPresenter.hpp(4): warning: In file included from...
../touchgfx/gui/include\gui/model/ModelListener.hpp(10): warning: In file included from...
../MY_Math\myMath.h(18): warning: 'MIN' macro redefined [-Wmacro-redefined]
   18 | #define MIN(A,B) ((A)<(B)?(A):(B))             //比较最小
      |         ^
../middlewares/st/touchgfx/framework/include\touchgfx/hal/Types.hpp(33): note: previous definition is here
   33 | #define MIN(a, b) (((a) < (b)) ? (a) : (b))
      |         ^
2 warnings generated.
compiling CAMPresenter.cpp...
../touchgfx/gui/src/cam_setting_screen/cam_settingview.cpp(1): warning: In file included from...
../touchgfx/gui/include\gui/cam_setting_screen/CAM_settingView.hpp(4): warning: In file included from...
../touchgfx/generated/gui_generated/include\gui_generated/cam_setting_screen/CAM_settingViewBase.hpp(9): warning: In file included from...
../touchgfx/gui/include\gui/cam_setting_screen/CAM_settingPresenter.hpp(4): warning: In file included from...
../touchgfx/gui/include\gui/model/ModelListener.hpp(10): warning: In file included from...
../MY_Math\myMath.h(17): warning: 'MAX' macro redefined [-Wmacro-redefined]
   17 | #define MAX(A,B) ((A)>(B)?(A):(B))             //比较最大
      |         ^
../middlewares/st/touchgfx/framework/include\touchgfx/hal/Types.hpp(43): note: previous definition is here
   43 | #define MAX(a, b) (((a) > (b)) ? (a) : (b))
      |         ^
../touchgfx/gui/src/cam_setting_screen/cam_settingview.cpp(1): warning: In file included from...
../touchgfx/gui/include\gui/cam_setting_screen/CAM_settingView.hpp(4): warning: In file included from...
../touchgfx/generated/gui_generated/include\gui_generated/cam_setting_screen/CAM_settingViewBase.hpp(9): warning: In file included from...
../touchgfx/gui/include\gui/cam_setting_screen/CAM_settingPresenter.hpp(4): warning: In file included from...
../touchgfx/gui/include\gui/model/ModelListener.hpp(10): warning: In file included from...
../MY_Math\myMath.h(18): warning: 'MIN' macro redefined [-Wmacro-redefined]
   18 | #define MIN(A,B) ((A)<(B)?(A):(B))             //比较最小
      |         ^
../middlewares/st/touchgfx/framework/include\touchgfx/hal/Types.hpp(33): note: previous definition is here
   33 | #define MIN(a, b) (((a) < (b)) ? (a) : (b))
      |         ^
2 warnings generated.
compiling CAM_settingView.cpp...
../touchgfx/gui/src/cam_setting_screen/cam_settingpresenter.cpp(1): warning: In file included from...
../touchgfx/gui/include\gui/cam_setting_screen/CAM_settingView.hpp(4): warning: In file included from...
../touchgfx/generated/gui_generated/include\gui_generated/cam_setting_screen/CAM_settingViewBase.hpp(9): warning: In file included from...
../touchgfx/gui/include\gui/cam_setting_screen/CAM_settingPresenter.hpp(4): warning: In file included from...
../touchgfx/gui/include\gui/model/ModelListener.hpp(10): warning: In file included from...
../MY_Math\myMath.h(17): warning: 'MAX' macro redefined [-Wmacro-redefined]
   17 | #define MAX(A,B) ((A)>(B)?(A):(B))             //比较最大
      |         ^
../middlewares/st/touchgfx/framework/include\touchgfx/hal/Types.hpp(43): note: previous definition is here
   43 | #define MAX(a, b) (((a) > (b)) ? (a) : (b))
      |         ^
../touchgfx/gui/src/cam_setting_screen/cam_settingpresenter.cpp(1): warning: In file included from...
../touchgfx/gui/include\gui/cam_setting_screen/CAM_settingView.hpp(4): warning: In file included from...
../touchgfx/generated/gui_generated/include\gui_generated/cam_setting_screen/CAM_settingViewBase.hpp(9): warning: In file included from...
../touchgfx/gui/include\gui/cam_setting_screen/CAM_settingPresenter.hpp(4): warning: In file included from...
../touchgfx/gui/include\gui/model/ModelListener.hpp(10): warning: In file included from...
../MY_Math\myMath.h(18): warning: 'MIN' macro redefined [-Wmacro-redefined]
   18 | #define MIN(A,B) ((A)<(B)?(A):(B))             //比较最小
      |         ^
../middlewares/st/touchgfx/framework/include\touchgfx/hal/Types.hpp(33): note: previous definition is here
   33 | #define MIN(a, b) (((a) < (b)) ? (a) : (b))
      |         ^
2 warnings generated.
compiling CAM_settingPresenter.cpp...
compiling stm32u5xx_hal_tim.c...
../touchgfx/gui/src/compass_screen/compasspresenter.cpp(1): warning: In file included from...
../touchgfx/gui/include\gui/compass_screen/COMPASSView.hpp(4): warning: In file included from...
../touchgfx/generated/gui_generated/include\gui_generated/compass_screen/COMPASSViewBase.hpp(9): warning: In file included from...
../touchgfx/gui/include\gui/compass_screen/COMPASSPresenter.hpp(4): warning: In file included from...
../touchgfx/gui/include\gui/model/ModelListener.hpp(10): warning: In file included from...
../MY_Math\myMath.h(17): warning: 'MAX' macro redefined [-Wmacro-redefined]
   17 | #define MAX(A,B) ((A)>(B)?(A):(B))             //比较最大
      |         ^
../middlewares/st/touchgfx/framework/include\touchgfx/hal/Types.hpp(43): note: previous definition is here
   43 | #define MAX(a, b) (((a) > (b)) ? (a) : (b))
      |         ^
../touchgfx/gui/src/compass_screen/compasspresenter.cpp(1): warning: In file included from...
../touchgfx/gui/include\gui/compass_screen/COMPASSView.hpp(4): warning: In file included from...
../touchgfx/generated/gui_generated/include\gui_generated/compass_screen/COMPASSViewBase.hpp(9): warning: In file included from...
../touchgfx/gui/include\gui/compass_screen/COMPASSPresenter.hpp(4): warning: In file included from...
../touchgfx/gui/include\gui/model/ModelListener.hpp(10): warning: In file included from...
../MY_Math\myMath.h(18): warning: 'MIN' macro redefined [-Wmacro-redefined]
   18 | #define MIN(A,B) ((A)<(B)?(A):(B))             //比较最小
      |         ^
../middlewares/st/touchgfx/framework/include\touchgfx/hal/Types.hpp(33): note: previous definition is here
   33 | #define MIN(a, b) (((a) < (b)) ? (a) : (b))
      |         ^
2 warnings generated.
compiling COMPASSPresenter.cpp...
compiling FrontendApplication.cpp...
../touchgfx/gui/src/compass_screen/compassview.cpp(1): warning: In file included from...
../touchgfx/gui/include\gui/compass_screen/COMPASSView.hpp(4): warning: In file included from...
../touchgfx/generated/gui_generated/include\gui_generated/compass_screen/COMPASSViewBase.hpp(9): warning: In file included from...
../touchgfx/gui/include\gui/compass_screen/COMPASSPresenter.hpp(4): warning: In file included from...
../touchgfx/gui/include\gui/model/ModelListener.hpp(10): warning: In file included from...
../MY_Math\myMath.h(17): warning: 'MAX' macro redefined [-Wmacro-redefined]
   17 | #define MAX(A,B) ((A)>(B)?(A):(B))             //比较最大
      |         ^
../middlewares/st/touchgfx/framework/include\touchgfx/hal/Types.hpp(43): note: previous definition is here
   43 | #define MAX(a, b) (((a) > (b)) ? (a) : (b))
      |         ^
../touchgfx/gui/src/compass_screen/compassview.cpp(1): warning: In file included from...
../touchgfx/gui/include\gui/compass_screen/COMPASSView.hpp(4): warning: In file included from...
../touchgfx/generated/gui_generated/include\gui_generated/compass_screen/COMPASSViewBase.hpp(9): warning: In file included from...
../touchgfx/gui/include\gui/compass_screen/COMPASSPresenter.hpp(4): warning: In file included from...
../touchgfx/gui/include\gui/model/ModelListener.hpp(10): warning: In file included from...
../MY_Math\myMath.h(18): warning: 'MIN' macro redefined [-Wmacro-redefined]
   18 | #define MIN(A,B) ((A)<(B)?(A):(B))             //比较最小
      |         ^
../middlewares/st/touchgfx/framework/include\touchgfx/hal/Types.hpp(33): note: previous definition is here
   33 | #define MIN(a, b) (((a) < (b)) ? (a) : (b))
      |         ^
2 warnings generated.
compiling COMPASSView.cpp...
compiling GNSS.cpp...
../touchgfx/gui/src/env_screen/envpresenter.cpp(1): warning: In file included from...
../touchgfx/gui/include\gui/env_screen/ENVView.hpp(4): warning: In file included from...
../touchgfx/generated/gui_generated/include\gui_generated/env_screen/ENVViewBase.hpp(9): warning: In file included from...
../touchgfx/gui/include\gui/env_screen/ENVPresenter.hpp(4): warning: In file included from...
../touchgfx/gui/include\gui/model/ModelListener.hpp(10): warning: In file included from...
../MY_Math\myMath.h(17): warning: 'MAX' macro redefined [-Wmacro-redefined]
   17 | #define MAX(A,B) ((A)>(B)?(A):(B))             //比较最大
      |         ^
../middlewares/st/touchgfx/framework/include\touchgfx/hal/Types.hpp(43): note: previous definition is here
   43 | #define MAX(a, b) (((a) > (b)) ? (a) : (b))
      |         ^
../touchgfx/gui/src/env_screen/envpresenter.cpp(1): warning: In file included from...
../touchgfx/gui/include\gui/env_screen/ENVView.hpp(4): warning: In file included from...
../touchgfx/generated/gui_generated/include\gui_generated/env_screen/ENVViewBase.hpp(9): warning: In file included from...
../touchgfx/gui/include\gui/env_screen/ENVPresenter.hpp(4): warning: In file included from...
../touchgfx/gui/include\gui/model/ModelListener.hpp(10): warning: In file included from...
../MY_Math\myMath.h(18): warning: 'MIN' macro redefined [-Wmacro-redefined]
   18 | #define MIN(A,B) ((A)<(B)?(A):(B))             //比较最小
      |         ^
../middlewares/st/touchgfx/framework/include\touchgfx/hal/Types.hpp(33): note: previous definition is here
   33 | #define MIN(a, b) (((a) < (b)) ? (a) : (b))
      |         ^
2 warnings generated.
compiling ENVPresenter.cpp...
../touchgfx/gui/src/env_screen/envview.cpp(1): warning: In file included from...
../touchgfx/gui/include\gui/env_screen/ENVView.hpp(4): warning: In file included from...
../touchgfx/generated/gui_generated/include\gui_generated/env_screen/ENVViewBase.hpp(9): warning: In file included from...
../touchgfx/gui/include\gui/env_screen/ENVPresenter.hpp(4): warning: In file included from...
../touchgfx/gui/include\gui/model/ModelListener.hpp(10): warning: In file included from...
../MY_Math\myMath.h(17): warning: 'MAX' macro redefined [-Wmacro-redefined]
   17 | #define MAX(A,B) ((A)>(B)?(A):(B))             //比较最大
      |         ^
../middlewares/st/touchgfx/framework/include\touchgfx/hal/Types.hpp(43): note: previous definition is here
   43 | #define MAX(a, b) (((a) > (b)) ? (a) : (b))
      |         ^
../touchgfx/gui/src/env_screen/envview.cpp(1): warning: In file included from...
../touchgfx/gui/include\gui/env_screen/ENVView.hpp(4): warning: In file included from...
../touchgfx/generated/gui_generated/include\gui_generated/env_screen/ENVViewBase.hpp(9): warning: In file included from...
../touchgfx/gui/include\gui/env_screen/ENVPresenter.hpp(4): warning: In file included from...
../touchgfx/gui/include\gui/model/ModelListener.hpp(10): warning: In file included from...
../MY_Math\myMath.h(18): warning: 'MIN' macro redefined [-Wmacro-redefined]
   18 | #define MIN(A,B) ((A)<(B)?(A):(B))             //比较最小
      |         ^
../middlewares/st/touchgfx/framework/include\touchgfx/hal/Types.hpp(33): note: previous definition is here
   33 | #define MIN(a, b) (((a) < (b)) ? (a) : (b))
      |         ^
2 warnings generated.
compiling ENVView.cpp...
../touchgfx/gui/src/game_screen/gamepresenter.cpp(1): warning: In file included from...
../touchgfx/gui/include\gui/game_screen/GAMEView.hpp(4): warning: In file included from...
../touchgfx/generated/gui_generated/include\gui_generated/game_screen/GAMEViewBase.hpp(9): warning: In file included from...
../touchgfx/gui/include\gui/game_screen/GAMEPresenter.hpp(4): warning: In file included from...
../touchgfx/gui/include\gui/model/ModelListener.hpp(10): warning: In file included from...
../MY_Math\myMath.h(17): warning: 'MAX' macro redefined [-Wmacro-redefined]
   17 | #define MAX(A,B) ((A)>(B)?(A):(B))             //比较最大
      |         ^
../middlewares/st/touchgfx/framework/include\touchgfx/hal/Types.hpp(43): note: previous definition is here
   43 | #define MAX(a, b) (((a) > (b)) ? (a) : (b))
      |         ^
../touchgfx/gui/src/game_screen/gamepresenter.cpp(1): warning: In file included from...
../touchgfx/gui/include\gui/game_screen/GAMEView.hpp(4): warning: In file included from...
../touchgfx/generated/gui_generated/include\gui_generated/game_screen/GAMEViewBase.hpp(9): warning: In file included from...
../touchgfx/gui/include\gui/game_screen/GAMEPresenter.hpp(4): warning: In file included from...
../touchgfx/gui/include\gui/model/ModelListener.hpp(10): warning: In file included from...
../MY_Math\myMath.h(18): warning: 'MIN' macro redefined [-Wmacro-redefined]
   18 | #define MIN(A,B) ((A)<(B)?(A):(B))             //比较最小
      |         ^
../middlewares/st/touchgfx/framework/include\touchgfx/hal/Types.hpp(33): note: previous definition is here
   33 | #define MIN(a, b) (((a) < (b)) ? (a) : (b))
      |         ^
2 warnings generated.
compiling GAMEPresenter.cpp...
../touchgfx/gui/src/game_screen/gameview.cpp(1): warning: In file included from...
../touchgfx/gui/include\gui/game_screen/GAMEView.hpp(4): warning: In file included from...
../touchgfx/generated/gui_generated/include\gui_generated/game_screen/GAMEViewBase.hpp(9): warning: In file included from...
../touchgfx/gui/include\gui/game_screen/GAMEPresenter.hpp(4): warning: In file included from...
../touchgfx/gui/include\gui/model/ModelListener.hpp(10): warning: In file included from...
../MY_Math\myMath.h(17): warning: 'MAX' macro redefined [-Wmacro-redefined]
   17 | #define MAX(A,B) ((A)>(B)?(A):(B))             //比较最大
      |         ^
../middlewares/st/touchgfx/framework/include\touchgfx/hal/Types.hpp(43): note: previous definition is here
   43 | #define MAX(a, b) (((a) > (b)) ? (a) : (b))
      |         ^
../touchgfx/gui/src/game_screen/gameview.cpp(1): warning: In file included from...
../touchgfx/gui/include\gui/game_screen/GAMEView.hpp(4): warning: In file included from...
../touchgfx/generated/gui_generated/include\gui_generated/game_screen/GAMEViewBase.hpp(9): warning: In file included from...
../touchgfx/gui/include\gui/game_screen/GAMEPresenter.hpp(4): warning: In file included from...
../touchgfx/gui/include\gui/model/ModelListener.hpp(10): warning: In file included from...
../MY_Math\myMath.h(18): warning: 'MIN' macro redefined [-Wmacro-redefined]
   18 | #define MIN(A,B) ((A)<(B)?(A):(B))             //比较最小
      |         ^
../middlewares/st/touchgfx/framework/include\touchgfx/hal/Types.hpp(33): note: previous definition is here
   33 | #define MIN(a, b) (((a) < (b)) ? (a) : (b))
      |         ^
2 warnings generated.
compiling GAMEView.cpp...
../touchgfx/gui/src/health_screen/healthpresenter.cpp(1): warning: In file included from...
../touchgfx/gui/include\gui/health_screen/HEALTHView.hpp(4): warning: In file included from...
../touchgfx/generated/gui_generated/include\gui_generated/health_screen/HEALTHViewBase.hpp(9): warning: In file included from...
../touchgfx/gui/include\gui/health_screen/HEALTHPresenter.hpp(4): warning: In file included from...
../touchgfx/gui/include\gui/model/ModelListener.hpp(10): warning: In file included from...
../MY_Math\myMath.h(17): warning: 'MAX' macro redefined [-Wmacro-redefined]
   17 | #define MAX(A,B) ((A)>(B)?(A):(B))             //比较最大
      |         ^
../middlewares/st/touchgfx/framework/include\touchgfx/hal/Types.hpp(43): note: previous definition is here
   43 | #define MAX(a, b) (((a) > (b)) ? (a) : (b))
      |         ^
../touchgfx/gui/src/health_screen/healthpresenter.cpp(1): warning: In file included from...
../touchgfx/gui/include\gui/health_screen/HEALTHView.hpp(4): warning: In file included from...
../touchgfx/generated/gui_generated/include\gui_generated/health_screen/HEALTHViewBase.hpp(9): warning: In file included from...
../touchgfx/gui/include\gui/health_screen/HEALTHPresenter.hpp(4): warning: In file included from...
../touchgfx/gui/include\gui/model/ModelListener.hpp(10): warning: In file included from...
../MY_Math\myMath.h(18): warning: 'MIN' macro redefined [-Wmacro-redefined]
   18 | #define MIN(A,B) ((A)<(B)?(A):(B))             //比较最小
      |         ^
../middlewares/st/touchgfx/framework/include\touchgfx/hal/Types.hpp(33): note: previous definition is here
   33 | #define MIN(a, b) (((a) < (b)) ? (a) : (b))
      |         ^
2 warnings generated.
compiling HEALTHPresenter.cpp...
../touchgfx/gui/src/imu_screen/imupresenter.cpp(1): warning: In file included from...
../touchgfx/gui/include\gui/imu_screen/IMUView.hpp(4): warning: In file included from...
../touchgfx/generated/gui_generated/include\gui_generated/imu_screen/IMUViewBase.hpp(9): warning: In file included from...
../touchgfx/gui/include\gui/imu_screen/IMUPresenter.hpp(4): warning: In file included from...
../touchgfx/gui/include\gui/model/ModelListener.hpp(10): warning: In file included from...
../MY_Math\myMath.h(17): warning: 'MAX' macro redefined [-Wmacro-redefined]
   17 | #define MAX(A,B) ((A)>(B)?(A):(B))             //比较最大
      |         ^
../middlewares/st/touchgfx/framework/include\touchgfx/hal/Types.hpp(43): note: previous definition is here
   43 | #define MAX(a, b) (((a) > (b)) ? (a) : (b))
      |         ^
../touchgfx/gui/src/imu_screen/imupresenter.cpp(1): warning: In file included from...
../touchgfx/gui/include\gui/imu_screen/IMUView.hpp(4): warning: In file included from...
../touchgfx/generated/gui_generated/include\gui_generated/imu_screen/IMUViewBase.hpp(9): warning: In file included from...
../touchgfx/gui/include\gui/imu_screen/IMUPresenter.hpp(4): warning: In file included from...
../touchgfx/gui/include\gui/model/ModelListener.hpp(10): warning: In file included from...
../MY_Math\myMath.h(18): warning: 'MIN' macro redefined [-Wmacro-redefined]
   18 | #define MIN(A,B) ((A)<(B)?(A):(B))             //比较最小
      |         ^
../middlewares/st/touchgfx/framework/include\touchgfx/hal/Types.hpp(33): note: previous definition is here
   33 | #define MIN(a, b) (((a) < (b)) ? (a) : (b))
      |         ^
2 warnings generated.
compiling IMUPresenter.cpp...
../touchgfx/gui/src/imu_screen/imuview.cpp(1): warning: In file included from...
../touchgfx/gui/include\gui/imu_screen/IMUView.hpp(4): warning: In file included from...
../touchgfx/generated/gui_generated/include\gui_generated/imu_screen/IMUViewBase.hpp(9): warning: In file included from...
../touchgfx/gui/include\gui/imu_screen/IMUPresenter.hpp(4): warning: In file included from...
../touchgfx/gui/include\gui/model/ModelListener.hpp(10): warning: In file included from...
../MY_Math\myMath.h(17): warning: 'MAX' macro redefined [-Wmacro-redefined]
   17 | #define MAX(A,B) ((A)>(B)?(A):(B))             //比较最大
      |         ^
../middlewares/st/touchgfx/framework/include\touchgfx/hal/Types.hpp(43): note: previous definition is here
   43 | #define MAX(a, b) (((a) > (b)) ? (a) : (b))
      |         ^
../touchgfx/gui/src/imu_screen/imuview.cpp(1): warning: In file included from...
../touchgfx/gui/include\gui/imu_screen/IMUView.hpp(4): warning: In file included from...
../touchgfx/generated/gui_generated/include\gui_generated/imu_screen/IMUViewBase.hpp(9): warning: In file included from...
../touchgfx/gui/include\gui/imu_screen/IMUPresenter.hpp(4): warning: In file included from...
../touchgfx/gui/include\gui/model/ModelListener.hpp(10): warning: In file included from...
../MY_Math\myMath.h(18): warning: 'MIN' macro redefined [-Wmacro-redefined]
   18 | #define MIN(A,B) ((A)<(B)?(A):(B))             //比较最小
      |         ^
../middlewares/st/touchgfx/framework/include\touchgfx/hal/Types.hpp(33): note: previous definition is here
   33 | #define MIN(a, b) (((a) < (b)) ? (a) : (b))
      |         ^
2 warnings generated.
compiling IMUView.cpp...
../touchgfx/gui/src/health_screen/healthview.cpp(1): warning: In file included from...
../touchgfx/gui/include\gui/health_screen/HEALTHView.hpp(4): warning: In file included from...
../touchgfx/generated/gui_generated/include\gui_generated/health_screen/HEALTHViewBase.hpp(9): warning: In file included from...
../touchgfx/gui/include\gui/health_screen/HEALTHPresenter.hpp(4): warning: In file included from...
../touchgfx/gui/include\gui/model/ModelListener.hpp(10): warning: In file included from...
../MY_Math\myMath.h(17): warning: 'MAX' macro redefined [-Wmacro-redefined]
   17 | #define MAX(A,B) ((A)>(B)?(A):(B))             //比较最大
      |         ^
../middlewares/st/touchgfx/framework/include\touchgfx/hal/Types.hpp(43): note: previous definition is here
   43 | #define MAX(a, b) (((a) > (b)) ? (a) : (b))
      |         ^
../touchgfx/gui/src/health_screen/healthview.cpp(1): warning: In file included from...
../touchgfx/gui/include\gui/health_screen/HEALTHView.hpp(4): warning: In file included from...
../touchgfx/generated/gui_generated/include\gui_generated/health_screen/HEALTHViewBase.hpp(9): warning: In file included from...
../touchgfx/gui/include\gui/health_screen/HEALTHPresenter.hpp(4): warning: In file included from...
../touchgfx/gui/include\gui/model/ModelListener.hpp(10): warning: In file included from...
../MY_Math\myMath.h(18): warning: 'MIN' macro redefined [-Wmacro-redefined]
   18 | #define MIN(A,B) ((A)<(B)?(A):(B))             //比较最小
      |         ^
../middlewares/st/touchgfx/framework/include\touchgfx/hal/Types.hpp(33): note: previous definition is here
   33 | #define MIN(a, b) (((a) < (b)) ? (a) : (b))
      |         ^
2 warnings generated.
compiling HEALTHView.cpp...
../touchgfx/gui/src/locat_screen/locatpresenter.cpp(1): warning: In file included from...
../touchgfx/gui/include\gui/locat_screen/LOCATView.hpp(4): warning: In file included from...
../touchgfx/generated/gui_generated/include\gui_generated/locat_screen/LOCATViewBase.hpp(9): warning: In file included from...
../touchgfx/gui/include\gui/locat_screen/LOCATPresenter.hpp(4): warning: In file included from...
../touchgfx/gui/include\gui/model/ModelListener.hpp(10): warning: In file included from...
../MY_Math\myMath.h(17): warning: 'MAX' macro redefined [-Wmacro-redefined]
   17 | #define MAX(A,B) ((A)>(B)?(A):(B))             //比较最大
      |         ^
../middlewares/st/touchgfx/framework/include\touchgfx/hal/Types.hpp(43): note: previous definition is here
   43 | #define MAX(a, b) (((a) > (b)) ? (a) : (b))
      |         ^
../touchgfx/gui/src/locat_screen/locatpresenter.cpp(1): warning: In file included from...
../touchgfx/gui/include\gui/locat_screen/LOCATView.hpp(4): warning: In file included from...
../touchgfx/generated/gui_generated/include\gui_generated/locat_screen/LOCATViewBase.hpp(9): warning: In file included from...
../touchgfx/gui/include\gui/locat_screen/LOCATPresenter.hpp(4): warning: In file included from...
../touchgfx/gui/include\gui/model/ModelListener.hpp(10): warning: In file included from...
../MY_Math\myMath.h(18): warning: 'MIN' macro redefined [-Wmacro-redefined]
   18 | #define MIN(A,B) ((A)<(B)?(A):(B))             //比较最小
      |         ^
../middlewares/st/touchgfx/framework/include\touchgfx/hal/Types.hpp(33): note: previous definition is here
   33 | #define MIN(a, b) (((a) < (b)) ? (a) : (b))
      |         ^
2 warnings generated.
compiling LOCATPresenter.cpp...
../touchgfx/gui/src/locat_screen/locatview.cpp(1): warning: In file included from...
../touchgfx/gui/include\gui/locat_screen/LOCATView.hpp(4): warning: In file included from...
../touchgfx/generated/gui_generated/include\gui_generated/locat_screen/LOCATViewBase.hpp(9): warning: In file included from...
../touchgfx/gui/include\gui/locat_screen/LOCATPresenter.hpp(4): warning: In file included from...
../touchgfx/gui/include\gui/model/ModelListener.hpp(10): warning: In file included from...
../MY_Math\myMath.h(17): warning: 'MAX' macro redefined [-Wmacro-redefined]
   17 | #define MAX(A,B) ((A)>(B)?(A):(B))             //比较最大
      |         ^
../middlewares/st/touchgfx/framework/include\touchgfx/hal/Types.hpp(43): note: previous definition is here
   43 | #define MAX(a, b) (((a) > (b)) ? (a) : (b))
      |         ^
../touchgfx/gui/src/locat_screen/locatview.cpp(1): warning: In file included from...
../touchgfx/gui/include\gui/locat_screen/LOCATView.hpp(4): warning: In file included from...
../touchgfx/generated/gui_generated/include\gui_generated/locat_screen/LOCATViewBase.hpp(9): warning: In file included from...
../touchgfx/gui/include\gui/locat_screen/LOCATPresenter.hpp(4): warning: In file included from...
../touchgfx/gui/include\gui/model/ModelListener.hpp(10): warning: In file included from...
../MY_Math\myMath.h(18): warning: 'MIN' macro redefined [-Wmacro-redefined]
   18 | #define MIN(A,B) ((A)<(B)?(A):(B))             //比较最小
      |         ^
../middlewares/st/touchgfx/framework/include\touchgfx/hal/Types.hpp(33): note: previous definition is here
   33 | #define MIN(a, b) (((a) < (b)) ? (a) : (b))
      |         ^
2 warnings generated.
compiling LOCATView.cpp...
../touchgfx/gui/src/main_screen/mainpresenter.cpp(1): warning: In file included from...
../touchgfx/gui/include\gui/main_screen/MainView.hpp(4): warning: In file included from...
../touchgfx/generated/gui_generated/include\gui_generated/main_screen/MainViewBase.hpp(9): warning: In file included from...
../touchgfx/gui/include\gui/main_screen/MainPresenter.hpp(4): warning: In file included from...
../touchgfx/gui/include\gui/model/ModelListener.hpp(10): warning: In file included from...
../MY_Math\myMath.h(17): warning: 'MAX' macro redefined [-Wmacro-redefined]
   17 | #define MAX(A,B) ((A)>(B)?(A):(B))             //比较最大
      |         ^
../middlewares/st/touchgfx/framework/include\touchgfx/hal/Types.hpp(43): note: previous definition is here
   43 | #define MAX(a, b) (((a) > (b)) ? (a) : (b))
      |         ^
../touchgfx/gui/src/main_screen/mainpresenter.cpp(1): warning: In file included from...
../touchgfx/gui/include\gui/main_screen/MainView.hpp(4): warning: In file included from...
../touchgfx/generated/gui_generated/include\gui_generated/main_screen/MainViewBase.hpp(9): warning: In file included from...
../touchgfx/gui/include\gui/main_screen/MainPresenter.hpp(4): warning: In file included from...
../touchgfx/gui/include\gui/model/ModelListener.hpp(10): warning: In file included from...
../MY_Math\myMath.h(18): warning: 'MIN' macro redefined [-Wmacro-redefined]
   18 | #define MIN(A,B) ((A)<(B)?(A):(B))             //比较最小
      |         ^
../middlewares/st/touchgfx/framework/include\touchgfx/hal/Types.hpp(33): note: previous definition is here
   33 | #define MIN(a, b) (((a) < (b)) ? (a) : (b))
      |         ^
2 warnings generated.
compiling MainPresenter.cpp...
compiling Model.cpp...
../touchgfx/gui/src/main_screen/mainview.cpp(1): warning: In file included from...
../touchgfx/gui/include\gui/main_screen/MainView.hpp(4): warning: In file included from...
../touchgfx/generated/gui_generated/include\gui_generated/main_screen/MainViewBase.hpp(9): warning: In file included from...
../touchgfx/gui/include\gui/main_screen/MainPresenter.hpp(4): warning: In file included from...
../touchgfx/gui/include\gui/model/ModelListener.hpp(10): warning: In file included from...
../MY_Math\myMath.h(17): warning: 'MAX' macro redefined [-Wmacro-redefined]
   17 | #define MAX(A,B) ((A)>(B)?(A):(B))             //比较最大
      |         ^
../middlewares/st/touchgfx/framework/include\touchgfx/hal/Types.hpp(43): note: previous definition is here
   43 | #define MAX(a, b) (((a) > (b)) ? (a) : (b))
      |         ^
../touchgfx/gui/src/main_screen/mainview.cpp(1): warning: In file included from...
../touchgfx/gui/include\gui/main_screen/MainView.hpp(4): warning: In file included from...
../touchgfx/generated/gui_generated/include\gui_generated/main_screen/MainViewBase.hpp(9): warning: In file included from...
../touchgfx/gui/include\gui/main_screen/MainPresenter.hpp(4): warning: In file included from...
../touchgfx/gui/include\gui/model/ModelListener.hpp(10): warning: In file included from...
../MY_Math\myMath.h(18): warning: 'MIN' macro redefined [-Wmacro-redefined]
   18 | #define MIN(A,B) ((A)<(B)?(A):(B))             //比较最小
      |         ^
../middlewares/st/touchgfx/framework/include\touchgfx/hal/Types.hpp(33): note: previous definition is here
   33 | #define MIN(a, b) (((a) < (b)) ? (a) : (b))
      |         ^
2 warnings generated.
compiling MainView.cpp...
../touchgfx/gui/src/sport_setting_screen/sport_settingpresenter.cpp(1): warning: In file included from...
../touchgfx/gui/include\gui/sport_setting_screen/SPORT_SETTINGView.hpp(4): warning: In file included from...
../touchgfx/generated/gui_generated/include\gui_generated/sport_setting_screen/SPORT_SETTINGViewBase.hpp(9): warning: In file included from...
../touchgfx/gui/include\gui/sport_setting_screen/SPORT_SETTINGPresenter.hpp(4): warning: In file included from...
../touchgfx/gui/include\gui/model/ModelListener.hpp(10): warning: In file included from...
../MY_Math\myMath.h(17): warning: 'MAX' macro redefined [-Wmacro-redefined]
   17 | #define MAX(A,B) ((A)>(B)?(A):(B))             //比较最大
      |         ^
../middlewares/st/touchgfx/framework/include\touchgfx/hal/Types.hpp(43): note: previous definition is here
   43 | #define MAX(a, b) (((a) > (b)) ? (a) : (b))
      |         ^
../touchgfx/gui/src/sport_setting_screen/sport_settingpresenter.cpp(1): warning: In file included from...
../touchgfx/gui/include\gui/sport_setting_screen/SPORT_SETTINGView.hpp(4): warning: In file included from...
../touchgfx/generated/gui_generated/include\gui_generated/sport_setting_screen/SPORT_SETTINGViewBase.hpp(9): warning: In file included from...
../touchgfx/gui/include\gui/sport_setting_screen/SPORT_SETTINGPresenter.hpp(4): warning: In file included from...
../touchgfx/gui/include\gui/model/ModelListener.hpp(10): warning: In file included from...
../MY_Math\myMath.h(18): warning: 'MIN' macro redefined [-Wmacro-redefined]
   18 | #define MIN(A,B) ((A)<(B)?(A):(B))             //比较最小
      |         ^
../middlewares/st/touchgfx/framework/include\touchgfx/hal/Types.hpp(33): note: previous definition is here
   33 | #define MIN(a, b) (((a) < (b)) ? (a) : (b))
      |         ^
2 warnings generated.
compiling SPORT_SETTINGPresenter.cpp...
compiling SYSTEM.cpp...
../touchgfx/gui/src/sport_setting_screen/sport_settingview.cpp(1): warning: In file included from...
../touchgfx/gui/include\gui/sport_setting_screen/SPORT_SETTINGView.hpp(4): warning: In file included from...
../touchgfx/generated/gui_generated/include\gui_generated/sport_setting_screen/SPORT_SETTINGViewBase.hpp(9): warning: In file included from...
../touchgfx/gui/include\gui/sport_setting_screen/SPORT_SETTINGPresenter.hpp(4): warning: In file included from...
../touchgfx/gui/include\gui/model/ModelListener.hpp(10): warning: In file included from...
../MY_Math\myMath.h(17): warning: 'MAX' macro redefined [-Wmacro-redefined]
   17 | #define MAX(A,B) ((A)>(B)?(A):(B))             //比较最大
      |         ^
../middlewares/st/touchgfx/framework/include\touchgfx/hal/Types.hpp(43): note: previous definition is here
   43 | #define MAX(a, b) (((a) > (b)) ? (a) : (b))
      |         ^
../touchgfx/gui/src/sport_setting_screen/sport_settingview.cpp(1): warning: In file included from...
../touchgfx/gui/include\gui/sport_setting_screen/SPORT_SETTINGView.hpp(4): warning: In file included from...
../touchgfx/generated/gui_generated/include\gui_generated/sport_setting_screen/SPORT_SETTINGViewBase.hpp(9): warning: In file included from...
../touchgfx/gui/include\gui/sport_setting_screen/SPORT_SETTINGPresenter.hpp(4): warning: In file included from...
../touchgfx/gui/include\gui/model/ModelListener.hpp(10): warning: In file included from...
../MY_Math\myMath.h(18): warning: 'MIN' macro redefined [-Wmacro-redefined]
   18 | #define MIN(A,B) ((A)<(B)?(A):(B))             //比较最小
      |         ^
../middlewares/st/touchgfx/framework/include\touchgfx/hal/Types.hpp(33): note: previous definition is here
   33 | #define MIN(a, b) (((a) < (b)) ? (a) : (b))
      |         ^
2 warnings generated.
compiling SPORT_SETTINGView.cpp...
../touchgfx/gui/src/sport_screen/sportpresenter.cpp(1): warning: In file included from...
../touchgfx/gui/include\gui/sport_screen/SPORTView.hpp(4): warning: In file included from...
../touchgfx/generated/gui_generated/include\gui_generated/sport_screen/SPORTViewBase.hpp(9): warning: In file included from...
../touchgfx/gui/include\gui/sport_screen/SPORTPresenter.hpp(4): warning: In file included from...
../touchgfx/gui/include\gui/model/ModelListener.hpp(10): warning: In file included from...
../MY_Math\myMath.h(17): warning: 'MAX' macro redefined [-Wmacro-redefined]
   17 | #define MAX(A,B) ((A)>(B)?(A):(B))             //比较最大
      |         ^
../middlewares/st/touchgfx/framework/include\touchgfx/hal/Types.hpp(43): note: previous definition is here
   43 | #define MAX(a, b) (((a) > (b)) ? (a) : (b))
      |         ^
../touchgfx/gui/src/sport_screen/sportpresenter.cpp(1): warning: In file included from...
../touchgfx/gui/include\gui/sport_screen/SPORTView.hpp(4): warning: In file included from...
../touchgfx/generated/gui_generated/include\gui_generated/sport_screen/SPORTViewBase.hpp(9): warning: In file included from...
../touchgfx/gui/include\gui/sport_screen/SPORTPresenter.hpp(4): warning: In file included from...
../touchgfx/gui/include\gui/model/ModelListener.hpp(10): warning: In file included from...
../MY_Math\myMath.h(18): warning: 'MIN' macro redefined [-Wmacro-redefined]
   18 | #define MIN(A,B) ((A)<(B)?(A):(B))             //比较最小
      |         ^
../middlewares/st/touchgfx/framework/include\touchgfx/hal/Types.hpp(33): note: previous definition is here
   33 | #define MIN(a, b) (((a) < (b)) ? (a) : (b))
      |         ^
2 warnings generated.
compiling SPORTPresenter.cpp...
../touchgfx/gui/src/sport_screen/sportview.cpp(1): warning: In file included from...
../touchgfx/gui/include\gui/sport_screen/SPORTView.hpp(4): warning: In file included from...
../touchgfx/generated/gui_generated/include\gui_generated/sport_screen/SPORTViewBase.hpp(9): warning: In file included from...
../touchgfx/gui/include\gui/sport_screen/SPORTPresenter.hpp(4): warning: In file included from...
../touchgfx/gui/include\gui/model/ModelListener.hpp(10): warning: In file included from...
../MY_Math\myMath.h(17): warning: 'MAX' macro redefined [-Wmacro-redefined]
   17 | #define MAX(A,B) ((A)>(B)?(A):(B))             //比较最大
      |         ^
../middlewares/st/touchgfx/framework/include\touchgfx/hal/Types.hpp(43): note: previous definition is here
   43 | #define MAX(a, b) (((a) > (b)) ? (a) : (b))
      |         ^
../touchgfx/gui/src/sport_screen/sportview.cpp(1): warning: In file included from...
../touchgfx/gui/include\gui/sport_screen/SPORTView.hpp(4): warning: In file included from...
../touchgfx/generated/gui_generated/include\gui_generated/sport_screen/SPORTViewBase.hpp(9): warning: In file included from...
../touchgfx/gui/include\gui/sport_screen/SPORTPresenter.hpp(4): warning: In file included from...
../touchgfx/gui/include\gui/model/ModelListener.hpp(10): warning: In file included from...
../MY_Math\myMath.h(18): warning: 'MIN' macro redefined [-Wmacro-redefined]
   18 | #define MIN(A,B) ((A)<(B)?(A):(B))             //比较最小
      |         ^
../middlewares/st/touchgfx/framework/include\touchgfx/hal/Types.hpp(33): note: previous definition is here
   33 | #define MIN(a, b) (((a) < (b)) ? (a) : (b))
      |         ^
2 warnings generated.
compiling SPORTView.cpp...
../touchgfx/gui/src/system_screen/systempresenter.cpp(1): warning: In file included from...
../touchgfx/gui/include\gui/system_screen/SYSTEMView.hpp(4): warning: In file included from...
../touchgfx/generated/gui_generated/include\gui_generated/system_screen/SYSTEMViewBase.hpp(9): warning: In file included from...
../touchgfx/gui/include\gui/system_screen/SYSTEMPresenter.hpp(4): warning: In file included from...
../touchgfx/gui/include\gui/model/ModelListener.hpp(10): warning: In file included from...
../MY_Math\myMath.h(17): warning: 'MAX' macro redefined [-Wmacro-redefined]
   17 | #define MAX(A,B) ((A)>(B)?(A):(B))             //比较最大
      |         ^
../middlewares/st/touchgfx/framework/include\touchgfx/hal/Types.hpp(43): note: previous definition is here
   43 | #define MAX(a, b) (((a) > (b)) ? (a) : (b))
      |         ^
../touchgfx/gui/src/system_screen/systempresenter.cpp(1): warning: In file included from...
../touchgfx/gui/include\gui/system_screen/SYSTEMView.hpp(4): warning: In file included from...
../touchgfx/generated/gui_generated/include\gui_generated/system_screen/SYSTEMViewBase.hpp(9): warning: In file included from...
../touchgfx/gui/include\gui/system_screen/SYSTEMPresenter.hpp(4): warning: In file included from...
../touchgfx/gui/include\gui/model/ModelListener.hpp(10): warning: In file included from...
../MY_Math\myMath.h(18): warning: 'MIN' macro redefined [-Wmacro-redefined]
   18 | #define MIN(A,B) ((A)<(B)?(A):(B))             //比较最小
      |         ^
../middlewares/st/touchgfx/framework/include\touchgfx/hal/Types.hpp(33): note: previous definition is here
   33 | #define MIN(a, b) (((a) < (b)) ? (a) : (b))
      |         ^
2 warnings generated.
compiling SYSTEMPresenter.cpp...
compiling TEST.cpp...
../touchgfx/gui/src/system_screen/systemview.cpp(1): warning: In file included from...
../touchgfx/gui/include\gui/system_screen/SYSTEMView.hpp(4): warning: In file included from...
../touchgfx/generated/gui_generated/include\gui_generated/system_screen/SYSTEMViewBase.hpp(9): warning: In file included from...
../touchgfx/gui/include\gui/system_screen/SYSTEMPresenter.hpp(4): warning: In file included from...
../touchgfx/gui/include\gui/model/ModelListener.hpp(10): warning: In file included from...
../MY_Math\myMath.h(17): warning: 'MAX' macro redefined [-Wmacro-redefined]
   17 | #define MAX(A,B) ((A)>(B)?(A):(B))             //比较最大
      |         ^
../middlewares/st/touchgfx/framework/include\touchgfx/hal/Types.hpp(43): note: previous definition is here
   43 | #define MAX(a, b) (((a) > (b)) ? (a) : (b))
      |         ^
../touchgfx/gui/src/system_screen/systemview.cpp(1): warning: In file included from...
../touchgfx/gui/include\gui/system_screen/SYSTEMView.hpp(4): warning: In file included from...
../touchgfx/generated/gui_generated/include\gui_generated/system_screen/SYSTEMViewBase.hpp(9): warning: In file included from...
../touchgfx/gui/include\gui/system_screen/SYSTEMPresenter.hpp(4): warning: In file included from...
../touchgfx/gui/include\gui/model/ModelListener.hpp(10): warning: In file included from...
../MY_Math\myMath.h(18): warning: 'MIN' macro redefined [-Wmacro-redefined]
   18 | #define MIN(A,B) ((A)<(B)?(A):(B))             //比较最小
      |         ^
../middlewares/st/touchgfx/framework/include\touchgfx/hal/Types.hpp(33): note: previous definition is here
   33 | #define MIN(a, b) (((a) < (b)) ? (a) : (b))
      |         ^
2 warnings generated.
compiling SYSTEMView.cpp...
compiling ApplicationFontProvider.cpp...
../touchgfx/gui/src/timer_screen/timerpresenter.cpp(1): warning: In file included from...
../touchgfx/gui/include\gui/timer_screen/TIMERView.hpp(4): warning: In file included from...
../touchgfx/generated/gui_generated/include\gui_generated/timer_screen/TIMERViewBase.hpp(9): warning: In file included from...
../touchgfx/gui/include\gui/timer_screen/TIMERPresenter.hpp(4): warning: In file included from...
../touchgfx/gui/include\gui/model/ModelListener.hpp(10): warning: In file included from...
../MY_Math\myMath.h(17): warning: 'MAX' macro redefined [-Wmacro-redefined]
   17 | #define MAX(A,B) ((A)>(B)?(A):(B))             //比较最大
      |         ^
../middlewares/st/touchgfx/framework/include\touchgfx/hal/Types.hpp(43): note: previous definition is here
   43 | #define MAX(a, b) (((a) > (b)) ? (a) : (b))
      |         ^
../touchgfx/gui/src/timer_screen/timerpresenter.cpp(1): warning: In file included from...
../touchgfx/gui/include\gui/timer_screen/TIMERView.hpp(4): warning: In file included from...
../touchgfx/generated/gui_generated/include\gui_generated/timer_screen/TIMERViewBase.hpp(9): warning: In file included from...
../touchgfx/gui/include\gui/timer_screen/TIMERPresenter.hpp(4): warning: In file included from...
../touchgfx/gui/include\gui/model/ModelListener.hpp(10): warning: In file included from...
../MY_Math\myMath.h(18): warning: 'MIN' macro redefined [-Wmacro-redefined]
   18 | #define MIN(A,B) ((A)<(B)?(A):(B))             //比较最小
      |         ^
../middlewares/st/touchgfx/framework/include\touchgfx/hal/Types.hpp(33): note: previous definition is here
   33 | #define MIN(a, b) (((a) < (b)) ? (a) : (b))
      |         ^
2 warnings generated.
compiling TIMERPresenter.cpp...
compiling BitmapDatabase.cpp...
compiling ARONABase.cpp...
../touchgfx/gui/src/timer_screen/timerview.cpp(1): warning: In file included from...
../touchgfx/gui/include\gui/timer_screen/TIMERView.hpp(4): warning: In file included from...
../touchgfx/generated/gui_generated/include\gui_generated/timer_screen/TIMERViewBase.hpp(9): warning: In file included from...
../touchgfx/gui/include\gui/timer_screen/TIMERPresenter.hpp(4): warning: In file included from...
../touchgfx/gui/include\gui/model/ModelListener.hpp(10): warning: In file included from...
../MY_Math\myMath.h(17): warning: 'MAX' macro redefined [-Wmacro-redefined]
   17 | #define MAX(A,B) ((A)>(B)?(A):(B))             //比较最大
      |         ^
../middlewares/st/touchgfx/framework/include\touchgfx/hal/Types.hpp(43): note: previous definition is here
   43 | #define MAX(a, b) (((a) > (b)) ? (a) : (b))
      |         ^
../touchgfx/gui/src/timer_screen/timerview.cpp(1): warning: In file included from...
../touchgfx/gui/include\gui/timer_screen/TIMERView.hpp(4): warning: In file included from...
../touchgfx/generated/gui_generated/include\gui_generated/timer_screen/TIMERViewBase.hpp(9): warning: In file included from...
../touchgfx/gui/include\gui/timer_screen/TIMERPresenter.hpp(4): warning: In file included from...
../touchgfx/gui/include\gui/model/ModelListener.hpp(10): warning: In file included from...
../MY_Math\myMath.h(18): warning: 'MIN' macro redefined [-Wmacro-redefined]
   18 | #define MIN(A,B) ((A)<(B)?(A):(B))             //比较最小
      |         ^
../middlewares/st/touchgfx/framework/include\touchgfx/hal/Types.hpp(33): note: previous definition is here
   33 | #define MIN(a, b) (((a) < (b)) ? (a) : (b))
      |         ^
2 warnings generated.
compiling TIMERView.cpp...
compiling CachedFont.cpp...
compiling CalenderBase.cpp...
compiling CLOCK_INNERBase.cpp...
compiling Font_LED_20_4bpp_0.cpp...
../touchgfx/generated/gui_generated/src/cam_setting_screen/cam_settingviewbase.cpp(4): warning: In file included from...
../touchgfx/generated/gui_generated/include\gui_generated/cam_setting_screen/CAM_settingViewBase.hpp(9): warning: In file included from...
../touchgfx/gui/include\gui/cam_setting_screen/CAM_settingPresenter.hpp(4): warning: In file included from...
../touchgfx/gui/include\gui/model/ModelListener.hpp(10): warning: In file included from...
../MY_Math\myMath.h(17): warning: 'MAX' macro redefined [-Wmacro-redefined]
   17 | #define MAX(A,B) ((A)>(B)?(A):(B))             //比较最大
      |         ^
../middlewares/st/touchgfx/framework/include\touchgfx/hal/Types.hpp(43): note: previous definition is here
   43 | #define MAX(a, b) (((a) > (b)) ? (a) : (b))
      |         ^
../touchgfx/generated/gui_generated/src/cam_setting_screen/cam_settingviewbase.cpp(4): warning: In file included from...
../touchgfx/generated/gui_generated/include\gui_generated/cam_setting_screen/CAM_settingViewBase.hpp(9): warning: In file included from...
../touchgfx/gui/include\gui/cam_setting_screen/CAM_settingPresenter.hpp(4): warning: In file included from...
../touchgfx/gui/include\gui/model/ModelListener.hpp(10): warning: In file included from...
../MY_Math\myMath.h(18): warning: 'MIN' macro redefined [-Wmacro-redefined]
   18 | #define MIN(A,B) ((A)<(B)?(A):(B))             //比较最小
      |         ^
../middlewares/st/touchgfx/framework/include\touchgfx/hal/Types.hpp(33): note: previous definition is here
   33 | #define MIN(a, b) (((a) < (b)) ? (a) : (b))
      |         ^
2 warnings generated.
compiling CAM_settingViewBase.cpp...
compiling Font_LED_40_4bpp_0.cpp...
compiling Font_STXIHEI_TTF_20_4bpp_0.cpp...
../touchgfx/generated/gui_generated/src/cam_screen/camviewbase.cpp(4): warning: In file included from...
../touchgfx/generated/gui_generated/include\gui_generated/cam_screen/CAMViewBase.hpp(9): warning: In file included from...
../touchgfx/gui/include\gui/cam_screen/CAMPresenter.hpp(4): warning: In file included from...
../touchgfx/gui/include\gui/model/ModelListener.hpp(10): warning: In file included from...
../MY_Math\myMath.h(17): warning: 'MAX' macro redefined [-Wmacro-redefined]
   17 | #define MAX(A,B) ((A)>(B)?(A):(B))             //比较最大
      |         ^
../middlewares/st/touchgfx/framework/include\touchgfx/hal/Types.hpp(43): note: previous definition is here
   43 | #define MAX(a, b) (((a) > (b)) ? (a) : (b))
      |         ^
../touchgfx/generated/gui_generated/src/cam_screen/camviewbase.cpp(4): warning: In file included from...
../touchgfx/generated/gui_generated/include\gui_generated/cam_screen/CAMViewBase.hpp(9): warning: In file included from...
../touchgfx/gui/include\gui/cam_screen/CAMPresenter.hpp(4): warning: In file included from...
../touchgfx/gui/include\gui/model/ModelListener.hpp(10): warning: In file included from...
../MY_Math\myMath.h(18): warning: 'MIN' macro redefined [-Wmacro-redefined]
   18 | #define MIN(A,B) ((A)<(B)?(A):(B))             //比较最小
      |         ^
../middlewares/st/touchgfx/framework/include\touchgfx/hal/Types.hpp(33): note: previous definition is here
   33 | #define MIN(a, b) (((a) < (b)) ? (a) : (b))
      |         ^
2 warnings generated.
compiling CAMViewBase.cpp...
../touchgfx/generated/gui_generated/src/compass_screen/compassviewbase.cpp(4): warning: In file included from...
../touchgfx/generated/gui_generated/include\gui_generated/compass_screen/COMPASSViewBase.hpp(9): warning: In file included from...
../touchgfx/gui/include\gui/compass_screen/COMPASSPresenter.hpp(4): warning: In file included from...
../touchgfx/gui/include\gui/model/ModelListener.hpp(10): warning: In file included from...
../MY_Math\myMath.h(17): warning: 'MAX' macro redefined [-Wmacro-redefined]
   17 | #define MAX(A,B) ((A)>(B)?(A):(B))             //比较最大
      |         ^
../middlewares/st/touchgfx/framework/include\touchgfx/hal/Types.hpp(43): note: previous definition is here
   43 | #define MAX(a, b) (((a) > (b)) ? (a) : (b))
      |         ^
../touchgfx/generated/gui_generated/src/compass_screen/compassviewbase.cpp(4): warning: In file included from...
../touchgfx/generated/gui_generated/include\gui_generated/compass_screen/COMPASSViewBase.hpp(9): warning: In file included from...
../touchgfx/gui/include\gui/compass_screen/COMPASSPresenter.hpp(4): warning: In file included from...
../touchgfx/gui/include\gui/model/ModelListener.hpp(10): warning: In file included from...
../MY_Math\myMath.h(18): warning: 'MIN' macro redefined [-Wmacro-redefined]
   18 | #define MIN(A,B) ((A)<(B)?(A):(B))             //比较最小
      |         ^
../middlewares/st/touchgfx/framework/include\touchgfx/hal/Types.hpp(33): note: previous definition is here
   33 | #define MIN(a, b) (((a) < (b)) ? (a) : (b))
      |         ^
../touchgfx/generated/gui_generated/src/compass_screen/compassviewbase.cpp(45): warning: implicit conversion from 'float' to 'int16_t' (aka 'short') changes value from 24.6 to 24 [-Wliteral-conversion]
   45 |     compass.setNeedle(BITMAP_BIG_POINTER_ID, 25.0f, 24.6f);
      |             ~~~~~~~~~                               ^~~~~
3 warnings generated.
compiling COMPASSViewBase.cpp...
compiling Font_STXIHEI_TTF_20_4bpp_12.cpp...
compiling Font_STXIHEI_TTF_20_4bpp_10.cpp...
../touchgfx/generated/gui_generated/src/env_screen/envviewbase.cpp(4): warning: In file included from...
../touchgfx/generated/gui_generated/include\gui_generated/env_screen/ENVViewBase.hpp(9): warning: In file included from...
../touchgfx/gui/include\gui/env_screen/ENVPresenter.hpp(4): warning: In file included from...
../touchgfx/gui/include\gui/model/ModelListener.hpp(10): warning: In file included from...
../MY_Math\myMath.h(17): warning: 'MAX' macro redefined [-Wmacro-redefined]
   17 | #define MAX(A,B) ((A)>(B)?(A):(B))             //比较最大
      |         ^
../middlewares/st/touchgfx/framework/include\touchgfx/hal/Types.hpp(43): note: previous definition is here
   43 | #define MAX(a, b) (((a) > (b)) ? (a) : (b))
      |         ^
../touchgfx/generated/gui_generated/src/env_screen/envviewbase.cpp(4): warning: In file included from...
../touchgfx/generated/gui_generated/include\gui_generated/env_screen/ENVViewBase.hpp(9): warning: In file included from...
../touchgfx/gui/include\gui/env_screen/ENVPresenter.hpp(4): warning: In file included from...
../touchgfx/gui/include\gui/model/ModelListener.hpp(10): warning: In file included from...
../MY_Math\myMath.h(18): warning: 'MIN' macro redefined [-Wmacro-redefined]
   18 | #define MIN(A,B) ((A)<(B)?(A):(B))             //比较最小
      |         ^
../middlewares/st/touchgfx/framework/include\touchgfx/hal/Types.hpp(33): note: previous definition is here
   33 | #define MIN(a, b) (((a) < (b)) ? (a) : (b))
      |         ^
2 warnings generated.
compiling ENVViewBase.cpp...
compiling Font_STXIHEI_TTF_20_4bpp_9.cpp...
compiling Font_verdana_10_4bpp_0.cpp...
compiling Font_verdana_20_4bpp_0.cpp...
compiling Font_verdana_40_4bpp_0.cpp...
compiling Font_verdana_80_4bpp_0.cpp...
compiling GeneratedFont.cpp...
compiling FontCache.cpp...
compiling GNSSBase.cpp...
compiling image_big_pointer.cpp...
compiling image_big_down.cpp...
compiling image_ball.cpp...
../touchgfx/generated/gui_generated/src/game_screen/gameviewbase.cpp(4): warning: In file included from...
../touchgfx/generated/gui_generated/include\gui_generated/game_screen/GAMEViewBase.hpp(9): warning: In file included from...
../touchgfx/gui/include\gui/game_screen/GAMEPresenter.hpp(4): warning: In file included from...
../touchgfx/gui/include\gui/model/ModelListener.hpp(10): warning: In file included from...
../MY_Math\myMath.h(17): warning: 'MAX' macro redefined [-Wmacro-redefined]
   17 | #define MAX(A,B) ((A)>(B)?(A):(B))             //比较最大
      |         ^
../middlewares/st/touchgfx/framework/include\touchgfx/hal/Types.hpp(43): note: previous definition is here
   43 | #define MAX(a, b) (((a) > (b)) ? (a) : (b))
      |         ^
../touchgfx/generated/gui_generated/src/game_screen/gameviewbase.cpp(4): warning: In file included from...
../touchgfx/generated/gui_generated/include\gui_generated/game_screen/GAMEViewBase.hpp(9): warning: In file included from...
../touchgfx/gui/include\gui/game_screen/GAMEPresenter.hpp(4): warning: In file included from...
../touchgfx/gui/include\gui/model/ModelListener.hpp(10): warning: In file included from...
../MY_Math\myMath.h(18): warning: 'MIN' macro redefined [-Wmacro-redefined]
   18 | #define MIN(A,B) ((A)<(B)?(A):(B))             //比较最小
      |         ^
../middlewares/st/touchgfx/framework/include\touchgfx/hal/Types.hpp(33): note: previous definition is here
   33 | #define MIN(a, b) (((a) < (b)) ? (a) : (b))
      |         ^
2 warnings generated.
compiling GAMEViewBase.cpp...
compiling image_alternate_theme_images_containers_small_wide_dark.cpp...
../touchgfx/generated/gui_generated/src/common/frontendapplicationbase.cpp(6): warning: In file included from...
../touchgfx/gui/include\gui/common/FrontendHeap.hpp(4): warning: In file included from...
../touchgfx/generated/gui_generated/include\gui_generated/common/FrontendHeapBase.hpp(17): warning: In file included from...
../touchgfx/gui/include\gui/main_screen/MainView.hpp(4): warning: In file included from...
../touchgfx/generated/gui_generated/include\gui_generated/main_screen/MainViewBase.hpp(9): warning: In file included from...
../touchgfx/gui/include\gui/main_screen/MainPresenter.hpp(4): warning: In file included from...
../touchgfx/gui/include\gui/model/ModelListener.hpp(10): warning: In file included from...
../MY_Math\myMath.h(17): warning: 'MAX' macro redefined [-Wmacro-redefined]
   17 | #define MAX(A,B) ((A)>(B)?(A):(B))             //比较最大
      |         ^
../middlewares/st/touchgfx/framework/include\touchgfx/hal/Types.hpp(43): note: previous definition is here
   43 | #define MAX(a, b) (((a) > (b)) ? (a) : (b))
      |         ^
../touchgfx/generated/gui_generated/src/common/frontendapplicationbase.cpp(6): warning: In file included from...
../touchgfx/gui/include\gui/common/FrontendHeap.hpp(4): warning: In file included from...
../touchgfx/generated/gui_generated/include\gui_generated/common/FrontendHeapBase.hpp(17): warning: In file included from...
../touchgfx/gui/include\gui/main_screen/MainView.hpp(4): warning: In file included from...
../touchgfx/generated/gui_generated/include\gui_generated/main_screen/MainViewBase.hpp(9): warning: In file included from...
../touchgfx/gui/include\gui/main_screen/MainPresenter.hpp(4): warning: In file included from...
../touchgfx/gui/include\gui/model/ModelListener.hpp(10): warning: In file included from...
../MY_Math\myMath.h(18): warning: 'MIN' macro redefined [-Wmacro-redefined]
   18 | #define MIN(A,B) ((A)<(B)?(A):(B))             //比较最小
      |         ^
../middlewares/st/touchgfx/framework/include\touchgfx/hal/Types.hpp(33): note: previous definition is here
   33 | #define MIN(a, b) (((a) < (b)) ? (a) : (b))
      |         ^
2 warnings generated.
compiling FrontendApplicationBase.cpp...
compiling image_big_quit.cpp...
compiling image_big_right.cpp...
../touchgfx/generated/gui_generated/src/health_screen/healthviewbase.cpp(4): warning: In file included from...
../touchgfx/generated/gui_generated/include\gui_generated/health_screen/HEALTHViewBase.hpp(9): warning: In file included from...
../touchgfx/gui/include\gui/health_screen/HEALTHPresenter.hpp(4): warning: In file included from...
../touchgfx/gui/include\gui/model/ModelListener.hpp(10): warning: In file included from...
../MY_Math\myMath.h(17): warning: 'MAX' macro redefined [-Wmacro-redefined]
   17 | #define MAX(A,B) ((A)>(B)?(A):(B))             //比较最大
      |         ^
../middlewares/st/touchgfx/framework/include\touchgfx/hal/Types.hpp(43): note: previous definition is here
   43 | #define MAX(a, b) (((a) > (b)) ? (a) : (b))
      |         ^
../touchgfx/generated/gui_generated/src/health_screen/healthviewbase.cpp(4): warning: In file included from...
../touchgfx/generated/gui_generated/include\gui_generated/health_screen/HEALTHViewBase.hpp(9): warning: In file included from...
../touchgfx/gui/include\gui/health_screen/HEALTHPresenter.hpp(4): warning: In file included from...
../touchgfx/gui/include\gui/model/ModelListener.hpp(10): warning: In file included from...
../MY_Math\myMath.h(18): warning: 'MIN' macro redefined [-Wmacro-redefined]
   18 | #define MIN(A,B) ((A)<(B)?(A):(B))             //比较最小
      |         ^
../middlewares/st/touchgfx/framework/include\touchgfx/hal/Types.hpp(33): note: previous definition is here
   33 | #define MIN(a, b) (((a) < (b)) ? (a) : (b))
      |         ^
2 warnings generated.
compiling HEALTHViewBase.cpp...
compiling image_big_up.cpp...
compiling image_big_ring.cpp...
compiling image_Clock.cpp...
compiling image_BLACK_RING.cpp...
compiling image_cam.cpp...
compiling image_cycle.cpp...
compiling image_compass.cpp...
compiling image_down.cpp...
compiling image_big_void.cpp...
compiling image_empty.cpp...
compiling image_ENV.cpp...
compiling image_left.cpp...
compiling image_duiwai.cpp...
compiling image_Game.cpp...
compiling image_IMU.cpp...
compiling image_meau.cpp...
compiling image_map_locat.cpp...
compiling image_health.cpp...
compiling image_joy1.cpp...
compiling image_joy2.cpp...
compiling image_joy3.cpp...
compiling image_meau_big.cpp...
compiling image_s1.cpp...
compiling image_paused.cpp...
compiling image_satt.cpp...
compiling image_start_new.cpp...
compiling image_stop.cpp...
compiling image_setting.cpp...
compiling image_start.cpp...
compiling image_standby.cpp...
compiling image_timer.cpp...
compiling image_SYS.cpp...
compiling image_up.cpp...
compiling Kerning_LED_20_4bpp.cpp...
compiling Kerning_LED_40_4bpp.cpp...
compiling Kerning_verdana_10_4bpp.cpp...
compiling Kerning_STXIHEI_TTF_20_4bpp.cpp...
compiling Kerning_verdana_20_4bpp.cpp...
compiling Kerning_verdana_40_4bpp.cpp...
../touchgfx/generated/gui_generated/src/imu_screen/imuviewbase.cpp(4): warning: In file included from...
../touchgfx/generated/gui_generated/include\gui_generated/imu_screen/IMUViewBase.hpp(9): warning: In file included from...
../touchgfx/gui/include\gui/imu_screen/IMUPresenter.hpp(4): warning: In file included from...
../touchgfx/gui/include\gui/model/ModelListener.hpp(10): warning: In file included from...
../MY_Math\myMath.h(17): warning: 'MAX' macro redefined [-Wmacro-redefined]
   17 | #define MAX(A,B) ((A)>(B)?(A):(B))             //比较最大
      |         ^
../middlewares/st/touchgfx/framework/include\touchgfx/hal/Types.hpp(43): note: previous definition is here
   43 | #define MAX(a, b) (((a) > (b)) ? (a) : (b))
      |         ^
../touchgfx/generated/gui_generated/src/imu_screen/imuviewbase.cpp(4): warning: In file included from...
../touchgfx/generated/gui_generated/include\gui_generated/imu_screen/IMUViewBase.hpp(9): warning: In file included from...
../touchgfx/gui/include\gui/imu_screen/IMUPresenter.hpp(4): warning: In file included from...
../touchgfx/gui/include\gui/model/ModelListener.hpp(10): warning: In file included from...
../MY_Math\myMath.h(18): warning: 'MIN' macro redefined [-Wmacro-redefined]
   18 | #define MIN(A,B) ((A)<(B)?(A):(B))             //比较最小
      |         ^
../middlewares/st/touchgfx/framework/include\touchgfx/hal/Types.hpp(33): note: previous definition is here
   33 | #define MIN(a, b) (((a) < (b)) ? (a) : (b))
      |         ^
2 warnings generated.
compiling IMUViewBase.cpp...
compiling Kerning_verdana_80_4bpp.cpp...
compiling LanguageGb.cpp...
compiling SVGDatabase.cpp...
compiling Table_LED_40_4bpp.cpp...
compiling Table_LED_20_4bpp.cpp...
../touchgfx/generated/gui_generated/src/locat_screen/locatviewbase.cpp(4): warning: In file included from...
../touchgfx/generated/gui_generated/include\gui_generated/locat_screen/LOCATViewBase.hpp(9): warning: In file included from...
../touchgfx/gui/include\gui/locat_screen/LOCATPresenter.hpp(4): warning: In file included from...
../touchgfx/gui/include\gui/model/ModelListener.hpp(10): warning: In file included from...
../MY_Math\myMath.h(17): warning: 'MAX' macro redefined [-Wmacro-redefined]
   17 | #define MAX(A,B) ((A)>(B)?(A):(B))             //比较最大
      |         ^
../middlewares/st/touchgfx/framework/include\touchgfx/hal/Types.hpp(43): note: previous definition is here
   43 | #define MAX(a, b) (((a) > (b)) ? (a) : (b))
      |         ^
../touchgfx/generated/gui_generated/src/locat_screen/locatviewbase.cpp(4): warning: In file included from...
../touchgfx/generated/gui_generated/include\gui_generated/locat_screen/LOCATViewBase.hpp(9): warning: In file included from...
../touchgfx/gui/include\gui/locat_screen/LOCATPresenter.hpp(4): warning: In file included from...
../touchgfx/gui/include\gui/model/ModelListener.hpp(10): warning: In file included from...
../MY_Math\myMath.h(18): warning: 'MIN' macro redefined [-Wmacro-redefined]
   18 | #define MIN(A,B) ((A)<(B)?(A):(B))             //比较最小
      |         ^
../middlewares/st/touchgfx/framework/include\touchgfx/hal/Types.hpp(33): note: previous definition is here
   33 | #define MIN(a, b) (((a) < (b)) ? (a) : (b))
      |         ^
2 warnings generated.
compiling LOCATViewBase.cpp...
compiling Table_STXIHEI_TTF_20_4bpp.cpp...
compiling Table_verdana_20_4bpp.cpp...
../touchgfx/generated/gui_generated/src/main_screen/mainviewbase.cpp(4): warning: In file included from...
../touchgfx/generated/gui_generated/include\gui_generated/main_screen/MainViewBase.hpp(9): warning: In file included from...
../touchgfx/gui/include\gui/main_screen/MainPresenter.hpp(4): warning: In file included from...
../touchgfx/gui/include\gui/model/ModelListener.hpp(10): warning: In file included from...
../MY_Math\myMath.h(17): warning: 'MAX' macro redefined [-Wmacro-redefined]
   17 | #define MAX(A,B) ((A)>(B)?(A):(B))             //比较最大
      |         ^
../middlewares/st/touchgfx/framework/include\touchgfx/hal/Types.hpp(43): note: previous definition is here
   43 | #define MAX(a, b) (((a) > (b)) ? (a) : (b))
      |         ^
../touchgfx/generated/gui_generated/src/main_screen/mainviewbase.cpp(4): warning: In file included from...
../touchgfx/generated/gui_generated/include\gui_generated/main_screen/MainViewBase.hpp(9): warning: In file included from...
../touchgfx/gui/include\gui/main_screen/MainPresenter.hpp(4): warning: In file included from...
../touchgfx/gui/include\gui/model/ModelListener.hpp(10): warning: In file included from...
../MY_Math\myMath.h(18): warning: 'MIN' macro redefined [-Wmacro-redefined]
   18 | #define MIN(A,B) ((A)<(B)?(A):(B))             //比较最小
      |         ^
../middlewares/st/touchgfx/framework/include\touchgfx/hal/Types.hpp(33): note: previous definition is here
   33 | #define MIN(a, b) (((a) < (b)) ? (a) : (b))
      |         ^
2 warnings generated.
compiling MainViewBase.cpp...
compiling Table_verdana_40_4bpp.cpp...
compiling Table_verdana_10_4bpp.cpp...
compiling SYSTEMBase.cpp...
../touchgfx/generated/gui_generated/src/sport_screen/sportviewbase.cpp(4): warning: In file included from...
../touchgfx/generated/gui_generated/include\gui_generated/sport_screen/SPORTViewBase.hpp(9): warning: In file included from...
../touchgfx/gui/include\gui/sport_screen/SPORTPresenter.hpp(4): warning: In file included from...
../touchgfx/gui/include\gui/model/ModelListener.hpp(10): warning: In file included from...
../MY_Math\myMath.h(17): warning: 'MAX' macro redefined [-Wmacro-redefined]
   17 | #define MAX(A,B) ((A)>(B)?(A):(B))             //比较最大
      |         ^
../middlewares/st/touchgfx/framework/include\touchgfx/hal/Types.hpp(43): note: previous definition is here
   43 | #define MAX(a, b) (((a) > (b)) ? (a) : (b))
      |         ^
../touchgfx/generated/gui_generated/src/sport_screen/sportviewbase.cpp(4): warning: In file included from...
../touchgfx/generated/gui_generated/include\gui_generated/sport_screen/SPORTViewBase.hpp(9): warning: In file included from...
../touchgfx/gui/include\gui/sport_screen/SPORTPresenter.hpp(4): warning: In file included from...
../touchgfx/gui/include\gui/model/ModelListener.hpp(10): warning: In file included from...
../MY_Math\myMath.h(18): warning: 'MIN' macro redefined [-Wmacro-redefined]
   18 | #define MIN(A,B) ((A)<(B)?(A):(B))             //比较最小
      |         ^
../middlewares/st/touchgfx/framework/include\touchgfx/hal/Types.hpp(33): note: previous definition is here
   33 | #define MIN(a, b) (((a) < (b)) ? (a) : (b))
      |         ^
2 warnings generated.
compiling SPORTViewBase.cpp...
../touchgfx/generated/gui_generated/src/sport_setting_screen/sport_settingviewbase.cpp(4): warning: In file included from...
../touchgfx/generated/gui_generated/include\gui_generated/sport_setting_screen/SPORT_SETTINGViewBase.hpp(9): warning: In file included from...
../touchgfx/gui/include\gui/sport_setting_screen/SPORT_SETTINGPresenter.hpp(4): warning: In file included from...
../touchgfx/gui/include\gui/model/ModelListener.hpp(10): warning: In file included from...
../MY_Math\myMath.h(17): warning: 'MAX' macro redefined [-Wmacro-redefined]
   17 | #define MAX(A,B) ((A)>(B)?(A):(B))             //比较最大
      |         ^
../middlewares/st/touchgfx/framework/include\touchgfx/hal/Types.hpp(43): note: previous definition is here
   43 | #define MAX(a, b) (((a) > (b)) ? (a) : (b))
      |         ^
../touchgfx/generated/gui_generated/src/sport_setting_screen/sport_settingviewbase.cpp(4): warning: In file included from...
../touchgfx/generated/gui_generated/include\gui_generated/sport_setting_screen/SPORT_SETTINGViewBase.hpp(9): warning: In file included from...
../touchgfx/gui/include\gui/sport_setting_screen/SPORT_SETTINGPresenter.hpp(4): warning: In file included from...
../touchgfx/gui/include\gui/model/ModelListener.hpp(10): warning: In file included from...
../MY_Math\myMath.h(18): warning: 'MIN' macro redefined [-Wmacro-redefined]
   18 | #define MIN(A,B) ((A)<(B)?(A):(B))             //比较最小
      |         ^
../middlewares/st/touchgfx/framework/include\touchgfx/hal/Types.hpp(33): note: previous definition is here
   33 | #define MIN(a, b) (((a) < (b)) ? (a) : (b))
      |         ^
2 warnings generated.
compiling SPORT_SETTINGViewBase.cpp...
../touchgfx/generated/gui_generated/src/system_screen/systemviewbase.cpp(4): warning: In file included from...
../touchgfx/generated/gui_generated/include\gui_generated/system_screen/SYSTEMViewBase.hpp(9): warning: In file included from...
../touchgfx/gui/include\gui/system_screen/SYSTEMPresenter.hpp(4): warning: In file included from...
../touchgfx/gui/include\gui/model/ModelListener.hpp(10): warning: In file included from...
../MY_Math\myMath.h(17): warning: 'MAX' macro redefined [-Wmacro-redefined]
   17 | #define MAX(A,B) ((A)>(B)?(A):(B))             //比较最大
      |         ^
../middlewares/st/touchgfx/framework/include\touchgfx/hal/Types.hpp(43): note: previous definition is here
   43 | #define MAX(a, b) (((a) > (b)) ? (a) : (b))
      |         ^
../touchgfx/generated/gui_generated/src/system_screen/systemviewbase.cpp(4): warning: In file included from...
../touchgfx/generated/gui_generated/include\gui_generated/system_screen/SYSTEMViewBase.hpp(9): warning: In file included from...
../touchgfx/gui/include\gui/system_screen/SYSTEMPresenter.hpp(4): warning: In file included from...
../touchgfx/gui/include\gui/model/ModelListener.hpp(10): warning: In file included from...
../MY_Math\myMath.h(18): warning: 'MIN' macro redefined [-Wmacro-redefined]
   18 | #define MIN(A,B) ((A)<(B)?(A):(B))             //比较最小
      |         ^
../middlewares/st/touchgfx/framework/include\touchgfx/hal/Types.hpp(33): note: previous definition is here
   33 | #define MIN(a, b) (((a) < (b)) ? (a) : (b))
      |         ^
2 warnings generated.
compiling SYSTEMViewBase.cpp...
compiling Table_verdana_80_4bpp.cpp...
compiling TypedTextDatabase.cpp...
compiling UnmappedDataFont.cpp...
compiling Texts.cpp...
compiling TESTBase.cpp...
compiling VectorFontRendererBuffers.cpp...
compiling ft6336_interface.c...
compiling ili9341_interface.c...
compiling ft6336_api.c...
../touchgfx/generated/gui_generated/src/timer_screen/timerviewbase.cpp(4): warning: In file included from...
../touchgfx/generated/gui_generated/include\gui_generated/timer_screen/TIMERViewBase.hpp(9): warning: In file included from...
../touchgfx/gui/include\gui/timer_screen/TIMERPresenter.hpp(4): warning: In file included from...
../touchgfx/gui/include\gui/model/ModelListener.hpp(10): warning: In file included from...
../MY_Math\myMath.h(17): warning: 'MAX' macro redefined [-Wmacro-redefined]
   17 | #define MAX(A,B) ((A)>(B)?(A):(B))             //比较最大
      |         ^
../middlewares/st/touchgfx/framework/include\touchgfx/hal/Types.hpp(43): note: previous definition is here
   43 | #define MAX(a, b) (((a) > (b)) ? (a) : (b))
      |         ^
../touchgfx/generated/gui_generated/src/timer_screen/timerviewbase.cpp(4): warning: In file included from...
../touchgfx/generated/gui_generated/include\gui_generated/timer_screen/TIMERViewBase.hpp(9): warning: In file included from...
../touchgfx/gui/include\gui/timer_screen/TIMERPresenter.hpp(4): warning: In file included from...
../touchgfx/gui/include\gui/model/ModelListener.hpp(10): warning: In file included from...
../MY_Math\myMath.h(18): warning: 'MIN' macro redefined [-Wmacro-redefined]
   18 | #define MIN(A,B) ((A)<(B)?(A):(B))             //比较最小
      |         ^
../middlewares/st/touchgfx/framework/include\touchgfx/hal/Types.hpp(33): note: previous definition is here
   33 | #define MIN(a, b) (((a) < (b)) ? (a) : (b))
      |         ^
2 warnings generated.
compiling TIMERViewBase.cpp...
compiling touch_info.c...
Hardware/ILI9341/screem_info.c(1): warning: In file included from...
Hardware/ILI9341/screem_info.h(3): warning: In file included from...
Hardware/ILI9341/ili9341_interface.h(7): warning: In file included from...
Hardware/ILI9341/ili9341_api_lib.h(5): warning: declaration of 'enum screen_ShowDIR' will not be visible outside of this function [-Wvisibility]
    5 | void ILI9341_Init       (enum screen_ShowDIR ShowDIR                                                );  //初始化
      |                               ^
1 warning generated.
compiling screem_info.c...
compiling ili9341_api.c...
compiling bsp_ospi_w25q128.c...
compiling GPS_api.c...
compiling image_info.c...
compiling user_MPU6050.c...
compiling inv_mpu_dmp_motion_driver.c...
compiling ov7725_interface.c...
compiling GPS_info.c...
compiling ov7725.api.c...
compiling GPS_interface.c...
compiling SCCB.c...
compiling inv_mpu.c...
compiling algorithm_max30102.c...
compiling user_max30102.c...
compiling max30102.c...
compiling bsp_sht20.c...
compiling bsp_ap3216c.c...
compiling task_PIPE.c...
compiling myMath.c...
linking...
Program Size: Code=279324 RO-data=1054948 RW-data=154560 ZI-data=491736  
FromELF: creating hex file...
"Pro\Pro.axf" - 0 Error(s), 87 Warning(s).

<h2>Software Packages used:</h2>

Package Vendor: ARM
                http://www.keil.com/pack/ARM.CMSIS.5.9.0.pack
                ARM::CMSIS@5.9.0
                CMSIS (Common Microcontroller Software Interface Standard)
   * Component: CORE Version: 5.6.0

Package Vendor: Keil
                https://www.keil.com/pack/Keil.STM32U5xx_DFP.2.2.1.pack
                Keil::STM32U5xx_DFP@2.2.1
                STMicroelectronics STM32U5 Series Device Support

<h2>Collection of Component include folders:</h2>
  ./RTE/_Pro
  E:/MDK_KEIL/PACK/ARM/CMSIS/5.9.0/CMSIS/Core/Include
  E:/MDK_KEIL/PACK/Keil/STM32U5xx_DFP/2.2.1/Drivers/CMSIS/Device/ST/STM32U5xx/Include

<h2>Collection of Component Files used:</h2>

   * Component: ARM::CMSIS:CORE@5.6.0
      Include file:  CMSIS/Core/Include/tz_context.h
Build Time Elapsed:  00:00:21
</pre>
</body>
</html>
